Flow report for snake
Wed Oct 15 12:32:14 2025
Quartus II 64-Bit Version 13.0.1 Build 232 06/12/2013 Service Pack 1 SJ Full Version


---------------------
; Table of Contents ;
---------------------
  1. Legal Notice
  2. Flow Summary
  3. Flow Settings
  4. Flow Non-Default Global Settings
  5. Flow Elapsed Time
  6. Flow OS Summary
  7. Flow Log
  8. Flow Messages
  9. Flow Suppressed Messages



----------------
; Legal Notice ;
----------------
Copyright (C) 1991-2013 Altera Corporation
Your use of Altera Corporation's design tools, logic functions 
and other software and tools, and its AMPP partner logic 
functions, and any output files from any of the foregoing 
(including device programming or simulation files), and any 
associated documentation or information are expressly subject 
to the terms and conditions of the Altera Program License 
Subscription Agreement, Altera MegaCore Function License 
Agreement, or other applicable license agreement, including, 
without limitation, that your use is for the sole purpose of 
programming logic devices manufactured by Altera and sold by 
Altera or its authorized distributors.  Please refer to the 
applicable agreement for further details.



+---------------------------------------------------------------------------------------+
; Flow Summary                                                                          ;
+------------------------------------+--------------------------------------------------+
; Flow Status                        ; Successful - Wed Oct 15 12:32:14 2025            ;
; Quartus II 64-Bit Version          ; 13.0.1 Build 232 06/12/2013 SP 1 SJ Full Version ;
; Revision Name                      ; snake                                            ;
; Top-level Entity Name              ; snake                                            ;
; Family                             ; Cyclone IV E                                     ;
; Device                             ; EP4CE10F17C8                                     ;
; Timing Models                      ; Final                                            ;
; Total logic elements               ; 871 / 10,320 ( 8 % )                             ;
;     Total combinational functions  ; 824 / 10,320 ( 8 % )                             ;
;     Dedicated logic registers      ; 449 / 10,320 ( 4 % )                             ;
; Total registers                    ; 449                                              ;
; Total pins                         ; 26 / 180 ( 14 % )                                ;
; Total virtual pins                 ; 0                                                ;
; Total memory bits                  ; 2,560 / 423,936 ( < 1 % )                        ;
; Embedded Multiplier 9-bit elements ; 0 / 46 ( 0 % )                                   ;
; Total PLLs                         ; 1 / 2 ( 50 % )                                   ;
+------------------------------------+--------------------------------------------------+


+-----------------------------------------+
; Flow Settings                           ;
+-------------------+---------------------+
; Option            ; Setting             ;
+-------------------+---------------------+
; Start date & time ; 10/15/2025 12:31:58 ;
; Main task         ; Compilation         ;
; Revision Name     ; snake               ;
+-------------------+---------------------+


+-------------------------------------------------------------------------------------------------------------------------------------+
; Flow Non-Default Global Settings                                                                                                    ;
+--------------------------------------+-----------------------------------------------+---------------+-------------+----------------+
; Assignment Name                      ; Value                                         ; Default Value ; Entity Name ; Section Id     ;
+--------------------------------------+-----------------------------------------------+---------------+-------------+----------------+
; COMPILER_SIGNATURE_ID                ; 71205093342667.176050271819756                ; --            ; --          ; --             ;
; EDA_DESIGN_INSTANCE_NAME             ; NA                                            ; --            ; --          ; tb_snake       ;
; EDA_NATIVELINK_SIMULATION_TEST_BENCH ; tb_snake                                      ; --            ; --          ; eda_simulation ;
; EDA_NETLIST_WRITER_OUTPUT_DIR        ; D:\fpga_code\personal_code\snake\sim\modelsim ; --            ; --          ; eda_simulation ;
; EDA_OUTPUT_DATA_FORMAT               ; Verilog Hdl                                   ; --            ; --          ; eda_simulation ;
; EDA_SIMULATION_TOOL                  ; ModelSim (Verilog)                            ; <None>        ; --          ; --             ;
; EDA_TEST_BENCH_ENABLE_STATUS         ; TEST_BENCH_MODE                               ; --            ; --          ; eda_simulation ;
; EDA_TEST_BENCH_FILE                  ; ../sim/tb_snake.v                             ; --            ; --          ; tb_snake       ;
; EDA_TEST_BENCH_MODULE_NAME           ; tb_snake                                      ; --            ; --          ; tb_snake       ;
; EDA_TEST_BENCH_NAME                  ; tb_snake                                      ; --            ; --          ; eda_simulation ;
; EDA_TEST_BENCH_RUN_SIM_FOR           ; 1 us                                          ; --            ; --          ; tb_snake       ;
; EDA_TIME_SCALE                       ; 1 ps                                          ; --            ; --          ; eda_simulation ;
; IP_TOOL_NAME                         ; RAM: 2-PORT                                   ; --            ; --          ; --             ;
; IP_TOOL_NAME                         ; ALTPLL                                        ; --            ; --          ; --             ;
; IP_TOOL_NAME                         ; FIFO                                          ; --            ; --          ; --             ;
; IP_TOOL_VERSION                      ; 13.0                                          ; --            ; --          ; --             ;
; IP_TOOL_VERSION                      ; 13.0                                          ; --            ; --          ; --             ;
; IP_TOOL_VERSION                      ; 13.0                                          ; --            ; --          ; --             ;
; MAX_CORE_JUNCTION_TEMP               ; 85                                            ; --            ; --          ; --             ;
; MIN_CORE_JUNCTION_TEMP               ; 0                                             ; --            ; --          ; --             ;
; MISC_FILE                            ; ip_core/ram_256x2/ram_256x2_inst.v            ; --            ; --          ; --             ;
; MISC_FILE                            ; ip_core/PLL25MHz/pll_25mhz_inst.v             ; --            ; --          ; --             ;
; MISC_FILE                            ; ip_core/PLL25MHz/pll_25mhz.ppf                ; --            ; --          ; --             ;
; MISC_FILE                            ; ip_core/fifo_256x8/fifo_256x8_inst.v          ; --            ; --          ; --             ;
; NOMINAL_CORE_SUPPLY_VOLTAGE          ; 1.2V                                          ; --            ; --          ; --             ;
; PARTITION_COLOR                      ; 16764057                                      ; --            ; --          ; Top            ;
; PARTITION_FITTER_PRESERVATION_LEVEL  ; PLACEMENT_AND_ROUTING                         ; --            ; --          ; Top            ;
; PARTITION_NETLIST_TYPE               ; SOURCE                                        ; --            ; --          ; Top            ;
; POWER_BOARD_THERMAL_MODEL            ; None (CONSERVATIVE)                           ; --            ; --          ; --             ;
; POWER_PRESET_COOLING_SOLUTION        ; 23 MM HEAT SINK WITH 200 LFPM AIRFLOW         ; --            ; --          ; --             ;
; PROJECT_OUTPUT_DIRECTORY             ; output_files                                  ; --            ; --          ; --             ;
+--------------------------------------+-----------------------------------------------+---------------+-------------+----------------+


+-------------------------------------------------------------------------------------------------------------------------------+
; Flow Elapsed Time                                                                                                             ;
+---------------------------+--------------+-------------------------+---------------------+------------------------------------+
; Module Name               ; Elapsed Time ; Average Processors Used ; Peak Virtual Memory ; Total CPU Time (on all processors) ;
+---------------------------+--------------+-------------------------+---------------------+------------------------------------+
; Analysis & Synthesis      ; 00:00:04     ; 1.0                     ; 4666 MB             ; 00:00:03                           ;
; Fitter                    ; 00:00:04     ; 1.0                     ; 5968 MB             ; 00:00:06                           ;
; Assembler                 ; 00:00:01     ; 1.0                     ; 4555 MB             ; 00:00:01                           ;
; TimeQuest Timing Analyzer ; 00:00:03     ; 1.0                     ; 4754 MB             ; 00:00:02                           ;
; EDA Netlist Writer        ; 00:00:02     ; 1.0                     ; 4538 MB             ; 00:00:01                           ;
; Total                     ; 00:00:14     ; --                      ; --                  ; 00:00:13                           ;
+---------------------------+--------------+-------------------------+---------------------+------------------------------------+


+----------------------------------------------------------------------------------------+
; Flow OS Summary                                                                        ;
+---------------------------+------------------+-----------+------------+----------------+
; Module Name               ; Machine Hostname ; OS Name   ; OS Version ; Processor type ;
+---------------------------+------------------+-----------+------------+----------------+
; Analysis & Synthesis      ; KevinQuinn       ; Windows 7 ; 6.2        ; x86_64         ;
; Fitter                    ; KevinQuinn       ; Windows 7 ; 6.2        ; x86_64         ;
; Assembler                 ; KevinQuinn       ; Windows 7 ; 6.2        ; x86_64         ;
; TimeQuest Timing Analyzer ; KevinQuinn       ; Windows 7 ; 6.2        ; x86_64         ;
; EDA Netlist Writer        ; KevinQuinn       ; Windows 7 ; 6.2        ; x86_64         ;
+---------------------------+------------------+-----------+------------+----------------+


------------
; Flow Log ;
------------
quartus_map --read_settings_files=on --write_settings_files=off snake -c snake
quartus_fit --read_settings_files=off --write_settings_files=off snake -c snake
quartus_asm --read_settings_files=off --write_settings_files=off snake -c snake
quartus_sta snake -c snake
quartus_eda --read_settings_files=off --write_settings_files=off snake -c snake



